Archive member included because of file (symbol)

/usr/local/CrossPack-AVR-20131216/lib/gcc/avr/4.8.1/avr5/libgcc.a(_exit.o)
                              /usr/local/CrossPack-AVR-20131216/lib/gcc/avr/4.8.1/../../../../avr/lib/avr5/crtm32u4.o (exit)
/usr/local/CrossPack-AVR-20131216/lib/gcc/avr/4.8.1/avr5/libgcc.a(_tablejump.o)
                              lib/key-functions/private.o (__tablejump2__)
/usr/local/CrossPack-AVR-20131216/lib/gcc/avr/4.8.1/avr5/libgcc.a(_copy_data.o)
                              main.o (__do_copy_data)
/usr/local/CrossPack-AVR-20131216/lib/gcc/avr/4.8.1/avr5/libgcc.a(_clear_bss.o)
                              main.o (__do_clear_bss)

Allocating common symbols
Common symbol       size              file

main_loop_row       0x1               main.o
main_arg_any_non_trans_key_pressed
                    0x1               main.o
main_layers_pressed
                    0x54              main.o
consumer_key        0x2               lib-other/pjrc/usb_keyboard/usb_keyboard.o
main_arg_row        0x1               main.o
main_arg_layer      0x1               main.o
layers              0x3c              main.o
main_arg_was_pressed
                    0x1               main.o
main_arg_trans_key_pressed
                    0x1               main.o
main_arg_is_pressed
                    0x1               main.o
main_loop_col       0x1               main.o
main_arg_layer_offset
                    0x1               main.o
main_arg_col        0x1               main.o

Discarded input sections

 .bss           0x00000000        0x0 /usr/local/CrossPack-AVR-20131216/lib/gcc/avr/4.8.1/../../../../avr/lib/avr5/crtm32u4.o
 .text          0x00000000        0x0 main.o
 .bss           0x00000000        0x0 main.o
 .text.main_layers_get_offset_id
                0x00000000       0x30 main.o
 .text          0x00000000        0x0 keyboard/ergodox/controller.o
 .bss           0x00000000        0x0 keyboard/ergodox/controller.o
 .text          0x00000000        0x0 keyboard/ergodox/controller/mcp23018.o
 .bss           0x00000000        0x0 keyboard/ergodox/controller/mcp23018.o
 .text          0x00000000        0x0 keyboard/ergodox/controller/teensy-2-0.o
 .bss           0x00000000        0x0 keyboard/ergodox/controller/teensy-2-0.o
 .text          0x00000000        0x0 keyboard/ergodox/layout/colemak-tarmak-1.o
 .bss           0x00000000        0x0 keyboard/ergodox/layout/colemak-tarmak-1.o
 .text          0x00000000        0x0 lib/key-functions/private.o
 .bss           0x00000000        0x0 lib/key-functions/private.o
 .text._kbfun_mediakey_press_release
                0x00000000       0x36 lib/key-functions/private.o
 .rodata._media_code_lookup_table
                0x00000000        0x6 lib/key-functions/private.o
 .text          0x00000000        0x0 lib/twi/teensy-2-0.o
 .bss           0x00000000        0x0 lib/twi/teensy-2-0.o
 .text          0x00000000        0x0 lib/usb/TODO.o
 .bss           0x00000000        0x0 lib/usb/TODO.o
 .text          0x00000000        0x0 lib/key-functions/public/basic.o
 .bss           0x00000000        0x0 lib/key-functions/public/basic.o
 .text.layer_sticky
                0x00000000       0xd2 lib/key-functions/public/basic.o
 .text.kbfun_layer_sticky_1
                0x00000000        0x6 lib/key-functions/public/basic.o
 .text.kbfun_layer_sticky_2
                0x00000000        0x6 lib/key-functions/public/basic.o
 .text.kbfun_layer_sticky_3
                0x00000000        0x6 lib/key-functions/public/basic.o
 .text.kbfun_layer_sticky_4
                0x00000000        0x6 lib/key-functions/public/basic.o
 .text.kbfun_layer_sticky_5
                0x00000000        0x6 lib/key-functions/public/basic.o
 .text.kbfun_layer_sticky_6
                0x00000000        0x6 lib/key-functions/public/basic.o
 .text.kbfun_layer_sticky_7
                0x00000000        0x6 lib/key-functions/public/basic.o
 .text.kbfun_layer_sticky_8
                0x00000000        0x6 lib/key-functions/public/basic.o
 .text.kbfun_layer_sticky_9
                0x00000000        0x6 lib/key-functions/public/basic.o
 .text.kbfun_layer_sticky_10
                0x00000000        0x6 lib/key-functions/public/basic.o
 .text          0x00000000        0x0 lib/key-functions/public/device.o
 .bss           0x00000000        0x0 lib/key-functions/public/device.o
 .text          0x00000000        0x0 lib/key-functions/public/special.o
 .bss           0x00000000        0x0 lib/key-functions/public/special.o
 .text.kbfun_mediakey_press_release
                0x00000000       0x30 lib/key-functions/public/special.o
 .text          0x00000000        0x0 lib-other/pjrc/usb_keyboard/usb_keyboard.o
 .bss           0x00000000        0x0 lib-other/pjrc/usb_keyboard/usb_keyboard.o
 .text.usb_keyboard_press
                0x00000000       0x1e lib-other/pjrc/usb_keyboard/usb_keyboard.o
 .text          0x00000000        0x0 /usr/local/CrossPack-AVR-20131216/lib/gcc/avr/4.8.1/avr5/libgcc.a(_exit.o)
 .bss           0x00000000        0x0 /usr/local/CrossPack-AVR-20131216/lib/gcc/avr/4.8.1/avr5/libgcc.a(_exit.o)
 .text.libgcc.mul
                0x00000000        0x0 /usr/local/CrossPack-AVR-20131216/lib/gcc/avr/4.8.1/avr5/libgcc.a(_exit.o)
 .text.libgcc.div
                0x00000000        0x0 /usr/local/CrossPack-AVR-20131216/lib/gcc/avr/4.8.1/avr5/libgcc.a(_exit.o)
 .text.libgcc   0x00000000        0x0 /usr/local/CrossPack-AVR-20131216/lib/gcc/avr/4.8.1/avr5/libgcc.a(_exit.o)
 .text.libgcc.prologue
                0x00000000        0x0 /usr/local/CrossPack-AVR-20131216/lib/gcc/avr/4.8.1/avr5/libgcc.a(_exit.o)
 .text.libgcc.builtins
                0x00000000        0x0 /usr/local/CrossPack-AVR-20131216/lib/gcc/avr/4.8.1/avr5/libgcc.a(_exit.o)
 .text.libgcc.fmul
                0x00000000        0x0 /usr/local/CrossPack-AVR-20131216/lib/gcc/avr/4.8.1/avr5/libgcc.a(_exit.o)
 .text.libgcc.fixed
                0x00000000        0x0 /usr/local/CrossPack-AVR-20131216/lib/gcc/avr/4.8.1/avr5/libgcc.a(_exit.o)
 .text          0x00000000        0x0 /usr/local/CrossPack-AVR-20131216/lib/gcc/avr/4.8.1/avr5/libgcc.a(_tablejump.o)
 .bss           0x00000000        0x0 /usr/local/CrossPack-AVR-20131216/lib/gcc/avr/4.8.1/avr5/libgcc.a(_tablejump.o)
 .text.libgcc.mul
                0x00000000        0x0 /usr/local/CrossPack-AVR-20131216/lib/gcc/avr/4.8.1/avr5/libgcc.a(_tablejump.o)
 .text.libgcc.div
                0x00000000        0x0 /usr/local/CrossPack-AVR-20131216/lib/gcc/avr/4.8.1/avr5/libgcc.a(_tablejump.o)
 .text.libgcc.prologue
                0x00000000        0x0 /usr/local/CrossPack-AVR-20131216/lib/gcc/avr/4.8.1/avr5/libgcc.a(_tablejump.o)
 .text.libgcc.builtins
                0x00000000        0x0 /usr/local/CrossPack-AVR-20131216/lib/gcc/avr/4.8.1/avr5/libgcc.a(_tablejump.o)
 .text.libgcc.fmul
                0x00000000        0x0 /usr/local/CrossPack-AVR-20131216/lib/gcc/avr/4.8.1/avr5/libgcc.a(_tablejump.o)
 .text.libgcc.fixed
                0x00000000        0x0 /usr/local/CrossPack-AVR-20131216/lib/gcc/avr/4.8.1/avr5/libgcc.a(_tablejump.o)
 .text          0x00000000        0x0 /usr/local/CrossPack-AVR-20131216/lib/gcc/avr/4.8.1/avr5/libgcc.a(_copy_data.o)
 .bss           0x00000000        0x0 /usr/local/CrossPack-AVR-20131216/lib/gcc/avr/4.8.1/avr5/libgcc.a(_copy_data.o)
 .text.libgcc.mul
                0x00000000        0x0 /usr/local/CrossPack-AVR-20131216/lib/gcc/avr/4.8.1/avr5/libgcc.a(_copy_data.o)
 .text.libgcc.div
                0x00000000        0x0 /usr/local/CrossPack-AVR-20131216/lib/gcc/avr/4.8.1/avr5/libgcc.a(_copy_data.o)
 .text.libgcc   0x00000000        0x0 /usr/local/CrossPack-AVR-20131216/lib/gcc/avr/4.8.1/avr5/libgcc.a(_copy_data.o)
 .text.libgcc.prologue
                0x00000000        0x0 /usr/local/CrossPack-AVR-20131216/lib/gcc/avr/4.8.1/avr5/libgcc.a(_copy_data.o)
 .text.libgcc.builtins
                0x00000000        0x0 /usr/local/CrossPack-AVR-20131216/lib/gcc/avr/4.8.1/avr5/libgcc.a(_copy_data.o)
 .text.libgcc.fmul
                0x00000000        0x0 /usr/local/CrossPack-AVR-20131216/lib/gcc/avr/4.8.1/avr5/libgcc.a(_copy_data.o)
 .text.libgcc.fixed
                0x00000000        0x0 /usr/local/CrossPack-AVR-20131216/lib/gcc/avr/4.8.1/avr5/libgcc.a(_copy_data.o)
 .text          0x00000000        0x0 /usr/local/CrossPack-AVR-20131216/lib/gcc/avr/4.8.1/avr5/libgcc.a(_clear_bss.o)
 .bss           0x00000000        0x0 /usr/local/CrossPack-AVR-20131216/lib/gcc/avr/4.8.1/avr5/libgcc.a(_clear_bss.o)
 .text.libgcc.mul
                0x00000000        0x0 /usr/local/CrossPack-AVR-20131216/lib/gcc/avr/4.8.1/avr5/libgcc.a(_clear_bss.o)
 .text.libgcc.div
                0x00000000        0x0 /usr/local/CrossPack-AVR-20131216/lib/gcc/avr/4.8.1/avr5/libgcc.a(_clear_bss.o)
 .text.libgcc   0x00000000        0x0 /usr/local/CrossPack-AVR-20131216/lib/gcc/avr/4.8.1/avr5/libgcc.a(_clear_bss.o)
 .text.libgcc.prologue
                0x00000000        0x0 /usr/local/CrossPack-AVR-20131216/lib/gcc/avr/4.8.1/avr5/libgcc.a(_clear_bss.o)
 .text.libgcc.builtins
                0x00000000        0x0 /usr/local/CrossPack-AVR-20131216/lib/gcc/avr/4.8.1/avr5/libgcc.a(_clear_bss.o)
 .text.libgcc.fmul
                0x00000000        0x0 /usr/local/CrossPack-AVR-20131216/lib/gcc/avr/4.8.1/avr5/libgcc.a(_clear_bss.o)
 .text.libgcc.fixed
                0x00000000        0x0 /usr/local/CrossPack-AVR-20131216/lib/gcc/avr/4.8.1/avr5/libgcc.a(_clear_bss.o)

Memory Configuration

Name             Origin             Length             Attributes
text             0x00000000         0x00020000         xr
data             0x00800060         0x0000ffa0         rw !x
eeprom           0x00810000         0x00010000         rw !x
fuse             0x00820000         0x00000400         rw !x
lock             0x00830000         0x00000400         rw !x
signature        0x00840000         0x00000400         rw !x
user_signatures  0x00850000         0x00000400         rw !x
*default*        0x00000000         0xffffffff

Linker script and memory map

Address of section .data set to 0x800100
LOAD /usr/local/CrossPack-AVR-20131216/lib/gcc/avr/4.8.1/../../../../avr/lib/avr5/crtm32u4.o
LOAD main.o
LOAD keyboard/ergodox/controller.o
LOAD keyboard/ergodox/controller/mcp23018.o
LOAD keyboard/ergodox/controller/teensy-2-0.o
LOAD keyboard/ergodox/layout/colemak-tarmak-1.o
LOAD lib/key-functions/private.o
LOAD lib/twi/teensy-2-0.o
LOAD lib/usb/TODO.o
LOAD lib/key-functions/public/basic.o
LOAD lib/key-functions/public/device.o
LOAD lib/key-functions/public/special.o
LOAD lib-other/pjrc/usb_keyboard/usb_keyboard.o
START GROUP
LOAD /usr/local/CrossPack-AVR-20131216/lib/gcc/avr/4.8.1/avr5/libgcc.a
LOAD /usr/local/CrossPack-AVR-20131216/lib/gcc/avr/4.8.1/../../../../avr/lib/avr5/libm.a
LOAD /usr/local/CrossPack-AVR-20131216/lib/gcc/avr/4.8.1/../../../../avr/lib/avr5/libc.a
END GROUP

.hash
 *(.hash)

.dynsym
 *(.dynsym)

.dynstr
 *(.dynstr)

.gnu.version
 *(.gnu.version)

.gnu.version_d
 *(.gnu.version_d)

.gnu.version_r
 *(.gnu.version_r)

.rel.init
 *(.rel.init)

.rela.init
 *(.rela.init)

.rel.text
 *(.rel.text)
 *(.rel.text.*)
 *(.rel.gnu.linkonce.t*)

.rela.text
 *(.rela.text)
 *(.rela.text.*)
 *(.rela.gnu.linkonce.t*)

.rel.fini
 *(.rel.fini)

.rela.fini
 *(.rela.fini)

.rel.rodata
 *(.rel.rodata)
 *(.rel.rodata.*)
 *(.rel.gnu.linkonce.r*)

.rela.rodata
 *(.rela.rodata)
 *(.rela.rodata.*)
 *(.rela.gnu.linkonce.r*)

.rel.data
 *(.rel.data)
 *(.rel.data.*)
 *(.rel.gnu.linkonce.d*)

.rela.data
 *(.rela.data)
 *(.rela.data.*)
 *(.rela.gnu.linkonce.d*)

.rel.ctors
 *(.rel.ctors)

.rela.ctors
 *(.rela.ctors)

.rel.dtors
 *(.rel.dtors)

.rela.dtors
 *(.rela.dtors)

.rel.got
 *(.rel.got)

.rela.got
 *(.rela.got)

.rel.bss
 *(.rel.bss)

.rela.bss
 *(.rela.bss)

.rel.plt
 *(.rel.plt)

.rela.plt
 *(.rela.plt)

.text           0x00000000     0x2516
 *(.vectors)
 .vectors       0x00000000       0xac /usr/local/CrossPack-AVR-20131216/lib/gcc/avr/4.8.1/../../../../avr/lib/avr5/crtm32u4.o
                0x00000000                __vectors
                0x00000000                __vector_default
 *(.vectors)
 *(.progmem.gcc*)
 .progmem.gcc_sw_table._kbfun_press_release
                0x000000ac       0x10 lib/key-functions/private.o
 .progmem.gcc_sw_table._kbfun_is_pressed
                0x000000bc       0x10 lib/key-functions/private.o
                0x000000cc                . = ALIGN (0x2)
                0x000000cc                __trampolines_start = .
 *(.trampolines)
 .trampolines   0x000000cc        0x0 linker stubs
 *(.trampolines*)
                0x000000cc                __trampolines_end = .
 *(.progmem*)
 .progmem.data._kb_layout_release
                0x000000cc      0x690 keyboard/ergodox/layout/colemak-tarmak-1.o
                0x000000cc                _kb_layout_release
 .progmem.data._kb_layout_press
                0x0000075c      0x690 keyboard/ergodox/layout/colemak-tarmak-1.o
                0x0000075c                _kb_layout_press
 .progmem.data._kb_layout
                0x00000dec      0x348 keyboard/ergodox/layout/colemak-tarmak-1.o
                0x00000dec                _kb_layout
 .progmem.data.descriptor_list
                0x00001134       0x3f lib-other/pjrc/usb_keyboard/usb_keyboard.o
 .progmem.data.string2
                0x00001173       0x38 lib-other/pjrc/usb_keyboard/usb_keyboard.o
 .progmem.data.string1
                0x000011ab       0x1a lib-other/pjrc/usb_keyboard/usb_keyboard.o
 .progmem.data.string0
                0x000011c5        0x4 lib-other/pjrc/usb_keyboard/usb_keyboard.o
 .progmem.data.config1_descriptor
                0x000011c9       0x3b lib-other/pjrc/usb_keyboard/usb_keyboard.o
 .progmem.data.extra_hid_report_desc
                0x00001204       0x19 lib-other/pjrc/usb_keyboard/usb_keyboard.o
 .progmem.data.keyboard_hid_report_desc
                0x0000121d       0x3f lib-other/pjrc/usb_keyboard/usb_keyboard.o
 .progmem.data.device_descriptor
                0x0000125c       0x12 lib-other/pjrc/usb_keyboard/usb_keyboard.o
 .progmem.data.endpoint_config_table
                0x0000126e        0x7 lib-other/pjrc/usb_keyboard/usb_keyboard.o
                0x00001276                . = ALIGN (0x2)
 *fill*         0x00001275        0x1 
 *(.jumptables)
 *(.jumptables*)
 *(.lowtext)
 *(.lowtext*)
                0x00001276                __ctors_start = .
 *(.ctors)
                0x00001276                __ctors_end = .
                0x00001276                __dtors_start = .
 *(.dtors)
                0x00001276                __dtors_end = .
 SORT(*)(.ctors)
 SORT(*)(.dtors)
 *(.init0)
 .init0         0x00001276        0x0 /usr/local/CrossPack-AVR-20131216/lib/gcc/avr/4.8.1/../../../../avr/lib/avr5/crtm32u4.o
                0x00001276                __init
 *(.init0)
 *(.init1)
 *(.init1)
 *(.init2)
 .init2         0x00001276        0xc /usr/local/CrossPack-AVR-20131216/lib/gcc/avr/4.8.1/../../../../avr/lib/avr5/crtm32u4.o
 *(.init2)
 *(.init3)
 *(.init3)
 *(.init4)
 .init4         0x00001282       0x16 /usr/local/CrossPack-AVR-20131216/lib/gcc/avr/4.8.1/avr5/libgcc.a(_copy_data.o)
                0x00001282                __do_copy_data
 .init4         0x00001298       0x10 /usr/local/CrossPack-AVR-20131216/lib/gcc/avr/4.8.1/avr5/libgcc.a(_clear_bss.o)
                0x00001298                __do_clear_bss
 *(.init4)
 *(.init5)
 *(.init5)
 *(.init6)
 *(.init6)
 *(.init7)
 *(.init7)
 *(.init8)
 *(.init8)
 *(.init9)
 .init9         0x000012a8        0x6 /usr/local/CrossPack-AVR-20131216/lib/gcc/avr/4.8.1/../../../../avr/lib/avr5/crtm32u4.o
 *(.init9)
 *(.text)
 .text          0x000012ae        0x4 /usr/local/CrossPack-AVR-20131216/lib/gcc/avr/4.8.1/../../../../avr/lib/avr5/crtm32u4.o
                0x000012ae                __vector_42
                0x000012ae                __vector_22
                0x000012ae                __vector_28
                0x000012ae                __vector_1
                0x000012ae                __vector_32
                0x000012ae                __vector_34
                0x000012ae                __vector_24
                0x000012ae                __vector_12
                0x000012ae                __bad_interrupt
                0x000012ae                __vector_6
                0x000012ae                __vector_31
                0x000012ae                __vector_35
                0x000012ae                __vector_39
                0x000012ae                __vector_3
                0x000012ae                __vector_23
                0x000012ae                __vector_30
                0x000012ae                __vector_25
                0x000012ae                __vector_13
                0x000012ae                __vector_17
                0x000012ae                __vector_19
                0x000012ae                __vector_7
                0x000012ae                __vector_41
                0x000012ae                __vector_27
                0x000012ae                __vector_5
                0x000012ae                __vector_33
                0x000012ae                __vector_37
                0x000012ae                __vector_4
                0x000012ae                __vector_9
                0x000012ae                __vector_2
                0x000012ae                __vector_21
                0x000012ae                __vector_15
                0x000012ae                __vector_36
                0x000012ae                __vector_29
                0x000012ae                __vector_40
                0x000012ae                __vector_8
                0x000012ae                __vector_26
                0x000012ae                __vector_14
                0x000012ae                __vector_16
                0x000012ae                __vector_18
                0x000012ae                __vector_20
                0x000012ae                __vector_38
                0x000012b2                . = ALIGN (0x2)
 *(.text.*)
 .text.main_layers_peek
                0x000012b2       0x24 main.o
                0x000012b2                main_layers_peek
 .text.main_layers_peek_sticky
                0x000012d6       0x24 main.o
                0x000012d6                main_layers_peek_sticky
 .text.main_layers_push
                0x000012fa       0x4a main.o
                0x000012fa                main_layers_push
 .text.main_layers_pop_id
                0x00001344       0x8c main.o
                0x00001344                main_layers_pop_id
 .text.main_exec_key
                0x000013d0       0x84 main.o
                0x000013d0                main_exec_key
 .text.startup.main
                0x00001454      0x1ce main.o
                0x00001454                main
 .text.kb_init  0x00001622       0x18 keyboard/ergodox/controller.o
                0x00001622                kb_init
 .text.kb_update_matrix
                0x0000163a       0x24 keyboard/ergodox/controller.o
                0x0000163a                kb_update_matrix
 .text.mcp23018_init
                0x0000165e       0x56 keyboard/ergodox/controller/mcp23018.o
                0x0000165e                mcp23018_init
 .text.mcp23018_update_matrix
                0x000016b4       0xfa keyboard/ergodox/controller/mcp23018.o
                0x000016b4                mcp23018_update_matrix
 .text.teensy_init
                0x000017ae      0x192 keyboard/ergodox/controller/teensy-2-0.o
                0x000017ae                teensy_init
 .text.teensy_update_matrix
                0x00001940      0x28c keyboard/ergodox/controller/teensy-2-0.o
                0x00001940                teensy_update_matrix
 .text._kbfun_press_release
                0x00001bcc       0xbe lib/key-functions/private.o
                0x00001bcc                _kbfun_press_release
 .text._kbfun_is_pressed
                0x00001c8a       0x54 lib/key-functions/private.o
                0x00001c8a                _kbfun_is_pressed
 .text.twi_init
                0x00001cde       0x12 lib/twi/teensy-2-0.o
                0x00001cde                twi_init
 .text.twi_start
                0x00001cf0       0x2e lib/twi/teensy-2-0.o
                0x00001cf0                twi_start
 .text.twi_stop
                0x00001d1e       0x10 lib/twi/teensy-2-0.o
                0x00001d1e                twi_stop
 .text.twi_send
                0x00001d2e       0x3c lib/twi/teensy-2-0.o
                0x00001d2e                twi_send
 .text.twi_read
                0x00001d6a       0x2c lib/twi/teensy-2-0.o
                0x00001d6a                twi_read
 .text.layer_pop
                0x00001d96       0x18 lib/key-functions/public/basic.o
 .text.layer_push
                0x00001dae       0x5a lib/key-functions/public/basic.o
 .text.kbfun_press_release_preserve_sticky
                0x00001e08       0x2e lib/key-functions/public/basic.o
                0x00001e08                kbfun_press_release_preserve_sticky
 .text.kbfun_press_release
                0x00001e36       0x10 lib/key-functions/public/basic.o
                0x00001e36                kbfun_press_release
 .text.kbfun_toggle
                0x00001e46       0x4c lib/key-functions/public/basic.o
                0x00001e46                kbfun_toggle
 .text.kbfun_transparent
                0x00001e92       0x32 lib/key-functions/public/basic.o
                0x00001e92                kbfun_transparent
 .text.kbfun_layer_push_1
                0x00001ec4        0x4 lib/key-functions/public/basic.o
                0x00001ec4                kbfun_layer_push_1
 .text.kbfun_layer_pop_1
                0x00001ec8        0x4 lib/key-functions/public/basic.o
                0x00001ec8                kbfun_layer_pop_1
 .text.kbfun_layer_push_2
                0x00001ecc        0x4 lib/key-functions/public/basic.o
                0x00001ecc                kbfun_layer_push_2
 .text.kbfun_layer_pop_2
                0x00001ed0        0x4 lib/key-functions/public/basic.o
                0x00001ed0                kbfun_layer_pop_2
 .text.kbfun_layer_push_3
                0x00001ed4        0x4 lib/key-functions/public/basic.o
                0x00001ed4                kbfun_layer_push_3
 .text.kbfun_layer_pop_3
                0x00001ed8        0x4 lib/key-functions/public/basic.o
                0x00001ed8                kbfun_layer_pop_3
 .text.kbfun_layer_push_4
                0x00001edc        0x4 lib/key-functions/public/basic.o
                0x00001edc                kbfun_layer_push_4
 .text.kbfun_layer_pop_4
                0x00001ee0        0x4 lib/key-functions/public/basic.o
                0x00001ee0                kbfun_layer_pop_4
 .text.kbfun_layer_push_5
                0x00001ee4        0x4 lib/key-functions/public/basic.o
                0x00001ee4                kbfun_layer_push_5
 .text.kbfun_layer_pop_5
                0x00001ee8        0x4 lib/key-functions/public/basic.o
                0x00001ee8                kbfun_layer_pop_5
 .text.kbfun_layer_push_6
                0x00001eec        0x4 lib/key-functions/public/basic.o
                0x00001eec                kbfun_layer_push_6
 .text.kbfun_layer_pop_6
                0x00001ef0        0x4 lib/key-functions/public/basic.o
                0x00001ef0                kbfun_layer_pop_6
 .text.kbfun_layer_push_7
                0x00001ef4        0x4 lib/key-functions/public/basic.o
                0x00001ef4                kbfun_layer_push_7
 .text.kbfun_layer_pop_7
                0x00001ef8        0x4 lib/key-functions/public/basic.o
                0x00001ef8                kbfun_layer_pop_7
 .text.kbfun_layer_push_8
                0x00001efc        0x4 lib/key-functions/public/basic.o
                0x00001efc                kbfun_layer_push_8
 .text.kbfun_layer_pop_8
                0x00001f00        0x4 lib/key-functions/public/basic.o
                0x00001f00                kbfun_layer_pop_8
 .text.kbfun_layer_push_9
                0x00001f04        0x4 lib/key-functions/public/basic.o
                0x00001f04                kbfun_layer_push_9
 .text.kbfun_layer_pop_9
                0x00001f08        0x4 lib/key-functions/public/basic.o
                0x00001f08                kbfun_layer_pop_9
 .text.kbfun_layer_push_10
                0x00001f0c        0x4 lib/key-functions/public/basic.o
                0x00001f0c                kbfun_layer_push_10
 .text.kbfun_layer_pop_10
                0x00001f10        0x4 lib/key-functions/public/basic.o
                0x00001f10                kbfun_layer_pop_10
 .text.kbfun_jump_to_bootloader
                0x00001f14       0x64 lib/key-functions/public/device.o
                0x00001f14                kbfun_jump_to_bootloader
 .text.numpad_toggle_numlock
                0x00001f78       0x10 lib/key-functions/public/special.o
 .text.kbfun_shift_press_release
                0x00001f88        0xa lib/key-functions/public/special.o
                0x00001f88                kbfun_shift_press_release
 .text.kbfun_2_keys_capslock_press_release
                0x00001f92       0xa8 lib/key-functions/public/special.o
                0x00001f92                kbfun_2_keys_capslock_press_release
 .text.kbfun_layer_push_numpad
                0x0000203a       0x3e lib/key-functions/public/special.o
                0x0000203a                kbfun_layer_push_numpad
 .text.kbfun_layer_pop_numpad
                0x00002078        0xc lib/key-functions/public/special.o
                0x00002078                kbfun_layer_pop_numpad
 .text.usb_wait_in_ready
                0x00002084        0xa lib-other/pjrc/usb_keyboard/usb_keyboard.o
 .text.usb_init
                0x0000208e       0x2e lib-other/pjrc/usb_keyboard/usb_keyboard.o
                0x0000208e                usb_init
 .text.usb_configured
                0x000020bc        0x6 lib-other/pjrc/usb_keyboard/usb_keyboard.o
                0x000020bc                usb_configured
 .text.usb_keyboard_send
                0x000020c2       0x70 lib-other/pjrc/usb_keyboard/usb_keyboard.o
                0x000020c2                usb_keyboard_send
 .text.__vector_10
                0x00002132       0xb8 lib-other/pjrc/usb_keyboard/usb_keyboard.o
                0x00002132                __vector_10
 .text.__vector_11
                0x000021ea      0x2b6 lib-other/pjrc/usb_keyboard/usb_keyboard.o
                0x000021ea                __vector_11
 .text.usb_extra_send
                0x000024a0       0x5a lib-other/pjrc/usb_keyboard/usb_keyboard.o
                0x000024a0                usb_extra_send
 .text.usb_extra_consumer_send
                0x000024fa        0xc lib-other/pjrc/usb_keyboard/usb_keyboard.o
                0x000024fa                usb_extra_consumer_send
 .text.libgcc   0x00002506        0xc /usr/local/CrossPack-AVR-20131216/lib/gcc/avr/4.8.1/avr5/libgcc.a(_tablejump.o)
                0x00002506                __tablejump2__
                0x0000250a                __tablejump__
                0x00002512                . = ALIGN (0x2)
 *(.fini9)
 .fini9         0x00002512        0x0 /usr/local/CrossPack-AVR-20131216/lib/gcc/avr/4.8.1/avr5/libgcc.a(_exit.o)
                0x00002512                exit
                0x00002512                _exit
 *(.fini9)
 *(.fini8)
 *(.fini8)
 *(.fini7)
 *(.fini7)
 *(.fini6)
 *(.fini6)
 *(.fini5)
 *(.fini5)
 *(.fini4)
 *(.fini4)
 *(.fini3)
 *(.fini3)
 *(.fini2)
 *(.fini2)
 *(.fini1)
 *(.fini1)
 *(.fini0)
 .fini0         0x00002512        0x4 /usr/local/CrossPack-AVR-20131216/lib/gcc/avr/4.8.1/avr5/libgcc.a(_exit.o)
 *(.fini0)
                0x00002516                _etext = .

.data           0x00800100       0x1a load address 0x00002516
                0x00800100                PROVIDE (__data_start, .)
 *(.data)
 .data          0x00800100        0x0 /usr/local/CrossPack-AVR-20131216/lib/gcc/avr/4.8.1/../../../../avr/lib/avr5/crtm32u4.o
 .data          0x00800100        0x0 main.o
 .data          0x00800100        0x0 keyboard/ergodox/controller.o
 .data          0x00800100        0x0 keyboard/ergodox/controller/mcp23018.o
 .data          0x00800100        0x0 keyboard/ergodox/controller/teensy-2-0.o
 .data          0x00800100        0x0 keyboard/ergodox/layout/colemak-tarmak-1.o
 .data          0x00800100        0x0 lib/key-functions/private.o
 .data          0x00800100        0x0 lib/twi/teensy-2-0.o
 .data          0x00800100        0x0 lib/usb/TODO.o
 .data          0x00800100        0x0 lib/key-functions/public/basic.o
 .data          0x00800100        0x0 lib/key-functions/public/device.o
 .data          0x00800100        0x0 lib/key-functions/public/special.o
 .data          0x00800100        0x0 lib-other/pjrc/usb_keyboard/usb_keyboard.o
 .data          0x00800100        0x0 /usr/local/CrossPack-AVR-20131216/lib/gcc/avr/4.8.1/avr5/libgcc.a(_exit.o)
 .data          0x00800100        0x0 /usr/local/CrossPack-AVR-20131216/lib/gcc/avr/4.8.1/avr5/libgcc.a(_tablejump.o)
 .data          0x00800100        0x0 /usr/local/CrossPack-AVR-20131216/lib/gcc/avr/4.8.1/avr5/libgcc.a(_copy_data.o)
 .data          0x00800100        0x0 /usr/local/CrossPack-AVR-20131216/lib/gcc/avr/4.8.1/avr5/libgcc.a(_clear_bss.o)
 *(.data*)
 .data.layers_ids_in_use
                0x00800100       0x14 main.o
                0x00800100                layers_ids_in_use
 .data.main_kb_was_pressed
                0x00800114        0x2 main.o
                0x00800114                main_kb_was_pressed
 .data.main_kb_is_pressed
                0x00800116        0x2 main.o
                0x00800116                main_kb_is_pressed
 .data.keyboard_idle_config
                0x00800118        0x1 lib-other/pjrc/usb_keyboard/usb_keyboard.o
 .data.keyboard_protocol
                0x00800119        0x1 lib-other/pjrc/usb_keyboard/usb_keyboard.o
 *(.rodata)
 *(.rodata*)
 *(.gnu.linkonce.d*)
                0x0080011a                . = ALIGN (0x2)
                0x0080011a                _edata = .
                0x0080011a                PROVIDE (__data_end, .)

.bss            0x0080011a      0x1b3
                0x0080011a                PROVIDE (__bss_start, .)
 *(.bss)
 *(.bss*)
 .bss.layers_head
                0x0080011a        0x1 main.o
                0x0080011a                layers_head
 .bss.main_kb_was_transparent
                0x0080011b       0x54 main.o
 .bss._main_kb_was_pressed
                0x0080016f       0x54 main.o
 .bss._main_kb_is_pressed
                0x008001c3       0x54 main.o
 .bss.layer_ids
                0x00800217        0xb lib/key-functions/public/basic.o
 .bss.rshift_pressed.1774
                0x00800222        0x1 lib/key-functions/public/special.o
 .bss.lshift_pressed.1773
                0x00800223        0x1 lib/key-functions/public/special.o
 .bss.keys_pressed.1772
                0x00800224        0x1 lib/key-functions/public/special.o
 .bss.numpad_layer_id
                0x00800225        0x1 lib/key-functions/public/special.o
 .bss.div4.1695
                0x00800226        0x1 lib-other/pjrc/usb_keyboard/usb_keyboard.o
 .bss.keyboard_leds
                0x00800227        0x1 lib-other/pjrc/usb_keyboard/usb_keyboard.o
                0x00800227                keyboard_leds
 .bss.keyboard_idle_count
                0x00800228        0x1 lib-other/pjrc/usb_keyboard/usb_keyboard.o
 .bss.keyboard_keys
                0x00800229        0x6 lib-other/pjrc/usb_keyboard/usb_keyboard.o
                0x00800229                keyboard_keys
 .bss.keyboard_modifier_keys
                0x0080022f        0x1 lib-other/pjrc/usb_keyboard/usb_keyboard.o
                0x0080022f                keyboard_modifier_keys
 .bss.usb_configuration
                0x00800230        0x1 lib-other/pjrc/usb_keyboard/usb_keyboard.o
 *(COMMON)
 COMMON         0x00800231       0x9a main.o
                0x00800231                main_loop_row
                0x00800232                main_arg_any_non_trans_key_pressed
                0x00800233                main_layers_pressed
                0x00800287                main_arg_row
                0x00800288                main_arg_layer
                0x00800289                layers
                0x008002c5                main_arg_was_pressed
                0x008002c6                main_arg_trans_key_pressed
                0x008002c7                main_arg_is_pressed
                0x008002c8                main_loop_col
                0x008002c9                main_arg_layer_offset
                0x008002ca                main_arg_col
 COMMON         0x008002cb        0x2 lib-other/pjrc/usb_keyboard/usb_keyboard.o
                0x008002cb                consumer_key
                0x008002cd                PROVIDE (__bss_end, .)
                0x00002516                __data_load_start = LOADADDR (.data)
                0x00002530                __data_load_end = (__data_load_start + SIZEOF (.data))

.noinit         0x008002cd        0x0
                0x008002cd                PROVIDE (__noinit_start, .)
 *(.noinit*)
                0x008002cd                PROVIDE (__noinit_end, .)
                0x008002cd                _end = .
                0x008002cd                PROVIDE (__heap_start, .)

.eeprom         0x00810000        0x0
 *(.eeprom*)
                0x00810000                __eeprom_end = .

.fuse
 *(.fuse)
 *(.lfuse)
 *(.hfuse)
 *(.efuse)

.lock
 *(.lock*)

.signature
 *(.signature*)

.user_signatures
 *(.user_signatures*)

.stab
 *(.stab)

.stabstr
 *(.stabstr)

.stab.excl
 *(.stab.excl)

.stab.exclstr
 *(.stab.exclstr)

.stab.index
 *(.stab.index)

.stab.indexstr
 *(.stab.indexstr)

.comment        0x00000000       0x11
 *(.comment)
 .comment       0x00000000       0x11 main.o
                                 0x12 (size before relaxing)
 .comment       0x00000000       0x12 keyboard/ergodox/controller.o
 .comment       0x00000000       0x12 keyboard/ergodox/controller/mcp23018.o
 .comment       0x00000000       0x12 keyboard/ergodox/controller/teensy-2-0.o
 .comment       0x00000000       0x12 keyboard/ergodox/layout/colemak-tarmak-1.o
 .comment       0x00000000       0x12 lib/key-functions/private.o
 .comment       0x00000000       0x12 lib/twi/teensy-2-0.o
 .comment       0x00000000       0x12 lib/usb/TODO.o
 .comment       0x00000000       0x12 lib/key-functions/public/basic.o
 .comment       0x00000000       0x12 lib/key-functions/public/device.o
 .comment       0x00000000       0x12 lib/key-functions/public/special.o
 .comment       0x00000000       0x12 lib-other/pjrc/usb_keyboard/usb_keyboard.o

.debug
 *(.debug)

.line
 *(.line)

.debug_srcinfo
 *(.debug_srcinfo)

.debug_sfnames
 *(.debug_sfnames)

.debug_aranges  0x00000000       0x80
 *(.debug_aranges)
 .debug_aranges
                0x00000000       0x20 /usr/local/CrossPack-AVR-20131216/lib/gcc/avr/4.8.1/avr5/libgcc.a(_exit.o)
 .debug_aranges
                0x00000020       0x20 /usr/local/CrossPack-AVR-20131216/lib/gcc/avr/4.8.1/avr5/libgcc.a(_tablejump.o)
 .debug_aranges
                0x00000040       0x20 /usr/local/CrossPack-AVR-20131216/lib/gcc/avr/4.8.1/avr5/libgcc.a(_copy_data.o)
 .debug_aranges
                0x00000060       0x20 /usr/local/CrossPack-AVR-20131216/lib/gcc/avr/4.8.1/avr5/libgcc.a(_clear_bss.o)

.debug_pubnames
 *(.debug_pubnames)

.debug_info     0x00000000      0x2f8
 *(.debug_info)
 .debug_info    0x00000000       0xbe /usr/local/CrossPack-AVR-20131216/lib/gcc/avr/4.8.1/avr5/libgcc.a(_exit.o)
 .debug_info    0x000000be       0xbe /usr/local/CrossPack-AVR-20131216/lib/gcc/avr/4.8.1/avr5/libgcc.a(_tablejump.o)
 .debug_info    0x0000017c       0xbe /usr/local/CrossPack-AVR-20131216/lib/gcc/avr/4.8.1/avr5/libgcc.a(_copy_data.o)
 .debug_info    0x0000023a       0xbe /usr/local/CrossPack-AVR-20131216/lib/gcc/avr/4.8.1/avr5/libgcc.a(_clear_bss.o)
 *(.gnu.linkonce.wi.*)

.debug_abbrev   0x00000000       0x50
 *(.debug_abbrev)
 .debug_abbrev  0x00000000       0x14 /usr/local/CrossPack-AVR-20131216/lib/gcc/avr/4.8.1/avr5/libgcc.a(_exit.o)
 .debug_abbrev  0x00000014       0x14 /usr/local/CrossPack-AVR-20131216/lib/gcc/avr/4.8.1/avr5/libgcc.a(_tablejump.o)
 .debug_abbrev  0x00000028       0x14 /usr/local/CrossPack-AVR-20131216/lib/gcc/avr/4.8.1/avr5/libgcc.a(_copy_data.o)
 .debug_abbrev  0x0000003c       0x14 /usr/local/CrossPack-AVR-20131216/lib/gcc/avr/4.8.1/avr5/libgcc.a(_clear_bss.o)

.debug_line     0x00000000      0x173
 *(.debug_line)
 .debug_line    0x00000000       0x58 /usr/local/CrossPack-AVR-20131216/lib/gcc/avr/4.8.1/avr5/libgcc.a(_exit.o)
 .debug_line    0x00000058       0x5c /usr/local/CrossPack-AVR-20131216/lib/gcc/avr/4.8.1/avr5/libgcc.a(_tablejump.o)
 .debug_line    0x000000b4       0x61 /usr/local/CrossPack-AVR-20131216/lib/gcc/avr/4.8.1/avr5/libgcc.a(_copy_data.o)
 .debug_line    0x00000115       0x5e /usr/local/CrossPack-AVR-20131216/lib/gcc/avr/4.8.1/avr5/libgcc.a(_clear_bss.o)

.debug_frame
 *(.debug_frame)

.debug_str
 *(.debug_str)

.debug_loc
 *(.debug_loc)

.debug_macinfo
 *(.debug_macinfo)

.debug_pubtypes
 *(.debug_pubtypes)

.debug_ranges
 *(.debug_ranges)

.debug_macro
 *(.debug_macro)
OUTPUT(firmware.elf elf32-avr)
LOAD linker stubs

Cross Reference Table

Symbol                                            File
__bad_interrupt                                   /usr/local/CrossPack-AVR-20131216/lib/gcc/avr/4.8.1/../../../../avr/lib/avr5/crtm32u4.o
__bss_end                                         /usr/local/CrossPack-AVR-20131216/lib/gcc/avr/4.8.1/avr5/libgcc.a(_clear_bss.o)
__bss_start                                       /usr/local/CrossPack-AVR-20131216/lib/gcc/avr/4.8.1/avr5/libgcc.a(_clear_bss.o)
__data_end                                        /usr/local/CrossPack-AVR-20131216/lib/gcc/avr/4.8.1/avr5/libgcc.a(_copy_data.o)
__data_load_start                                 /usr/local/CrossPack-AVR-20131216/lib/gcc/avr/4.8.1/avr5/libgcc.a(_copy_data.o)
__data_start                                      /usr/local/CrossPack-AVR-20131216/lib/gcc/avr/4.8.1/avr5/libgcc.a(_copy_data.o)
__do_clear_bss                                    /usr/local/CrossPack-AVR-20131216/lib/gcc/avr/4.8.1/avr5/libgcc.a(_clear_bss.o)
                                                  lib-other/pjrc/usb_keyboard/usb_keyboard.o
                                                  lib/key-functions/public/special.o
                                                  lib/key-functions/public/basic.o
                                                  main.o
__do_copy_data                                    /usr/local/CrossPack-AVR-20131216/lib/gcc/avr/4.8.1/avr5/libgcc.a(_copy_data.o)
                                                  lib-other/pjrc/usb_keyboard/usb_keyboard.o
                                                  lib/key-functions/private.o
                                                  main.o
__heap_end                                        /usr/local/CrossPack-AVR-20131216/lib/gcc/avr/4.8.1/../../../../avr/lib/avr5/crtm32u4.o
__init                                            /usr/local/CrossPack-AVR-20131216/lib/gcc/avr/4.8.1/../../../../avr/lib/avr5/crtm32u4.o
__stack                                           /usr/local/CrossPack-AVR-20131216/lib/gcc/avr/4.8.1/../../../../avr/lib/avr5/crtm32u4.o
__tablejump2__                                    /usr/local/CrossPack-AVR-20131216/lib/gcc/avr/4.8.1/avr5/libgcc.a(_tablejump.o)
                                                  lib/key-functions/private.o
__tablejump__                                     /usr/local/CrossPack-AVR-20131216/lib/gcc/avr/4.8.1/avr5/libgcc.a(_tablejump.o)
__vector_1                                        /usr/local/CrossPack-AVR-20131216/lib/gcc/avr/4.8.1/../../../../avr/lib/avr5/crtm32u4.o
__vector_10                                       lib-other/pjrc/usb_keyboard/usb_keyboard.o
                                                  /usr/local/CrossPack-AVR-20131216/lib/gcc/avr/4.8.1/../../../../avr/lib/avr5/crtm32u4.o
__vector_11                                       lib-other/pjrc/usb_keyboard/usb_keyboard.o
                                                  /usr/local/CrossPack-AVR-20131216/lib/gcc/avr/4.8.1/../../../../avr/lib/avr5/crtm32u4.o
__vector_12                                       /usr/local/CrossPack-AVR-20131216/lib/gcc/avr/4.8.1/../../../../avr/lib/avr5/crtm32u4.o
__vector_13                                       /usr/local/CrossPack-AVR-20131216/lib/gcc/avr/4.8.1/../../../../avr/lib/avr5/crtm32u4.o
__vector_14                                       /usr/local/CrossPack-AVR-20131216/lib/gcc/avr/4.8.1/../../../../avr/lib/avr5/crtm32u4.o
__vector_15                                       /usr/local/CrossPack-AVR-20131216/lib/gcc/avr/4.8.1/../../../../avr/lib/avr5/crtm32u4.o
__vector_16                                       /usr/local/CrossPack-AVR-20131216/lib/gcc/avr/4.8.1/../../../../avr/lib/avr5/crtm32u4.o
__vector_17                                       /usr/local/CrossPack-AVR-20131216/lib/gcc/avr/4.8.1/../../../../avr/lib/avr5/crtm32u4.o
__vector_18                                       /usr/local/CrossPack-AVR-20131216/lib/gcc/avr/4.8.1/../../../../avr/lib/avr5/crtm32u4.o
__vector_19                                       /usr/local/CrossPack-AVR-20131216/lib/gcc/avr/4.8.1/../../../../avr/lib/avr5/crtm32u4.o
__vector_2                                        /usr/local/CrossPack-AVR-20131216/lib/gcc/avr/4.8.1/../../../../avr/lib/avr5/crtm32u4.o
__vector_20                                       /usr/local/CrossPack-AVR-20131216/lib/gcc/avr/4.8.1/../../../../avr/lib/avr5/crtm32u4.o
__vector_21                                       /usr/local/CrossPack-AVR-20131216/lib/gcc/avr/4.8.1/../../../../avr/lib/avr5/crtm32u4.o
__vector_22                                       /usr/local/CrossPack-AVR-20131216/lib/gcc/avr/4.8.1/../../../../avr/lib/avr5/crtm32u4.o
__vector_23                                       /usr/local/CrossPack-AVR-20131216/lib/gcc/avr/4.8.1/../../../../avr/lib/avr5/crtm32u4.o
__vector_24                                       /usr/local/CrossPack-AVR-20131216/lib/gcc/avr/4.8.1/../../../../avr/lib/avr5/crtm32u4.o
__vector_25                                       /usr/local/CrossPack-AVR-20131216/lib/gcc/avr/4.8.1/../../../../avr/lib/avr5/crtm32u4.o
__vector_26                                       /usr/local/CrossPack-AVR-20131216/lib/gcc/avr/4.8.1/../../../../avr/lib/avr5/crtm32u4.o
__vector_27                                       /usr/local/CrossPack-AVR-20131216/lib/gcc/avr/4.8.1/../../../../avr/lib/avr5/crtm32u4.o
__vector_28                                       /usr/local/CrossPack-AVR-20131216/lib/gcc/avr/4.8.1/../../../../avr/lib/avr5/crtm32u4.o
__vector_29                                       /usr/local/CrossPack-AVR-20131216/lib/gcc/avr/4.8.1/../../../../avr/lib/avr5/crtm32u4.o
__vector_3                                        /usr/local/CrossPack-AVR-20131216/lib/gcc/avr/4.8.1/../../../../avr/lib/avr5/crtm32u4.o
__vector_30                                       /usr/local/CrossPack-AVR-20131216/lib/gcc/avr/4.8.1/../../../../avr/lib/avr5/crtm32u4.o
__vector_31                                       /usr/local/CrossPack-AVR-20131216/lib/gcc/avr/4.8.1/../../../../avr/lib/avr5/crtm32u4.o
__vector_32                                       /usr/local/CrossPack-AVR-20131216/lib/gcc/avr/4.8.1/../../../../avr/lib/avr5/crtm32u4.o
__vector_33                                       /usr/local/CrossPack-AVR-20131216/lib/gcc/avr/4.8.1/../../../../avr/lib/avr5/crtm32u4.o
__vector_34                                       /usr/local/CrossPack-AVR-20131216/lib/gcc/avr/4.8.1/../../../../avr/lib/avr5/crtm32u4.o
__vector_35                                       /usr/local/CrossPack-AVR-20131216/lib/gcc/avr/4.8.1/../../../../avr/lib/avr5/crtm32u4.o
__vector_36                                       /usr/local/CrossPack-AVR-20131216/lib/gcc/avr/4.8.1/../../../../avr/lib/avr5/crtm32u4.o
__vector_37                                       /usr/local/CrossPack-AVR-20131216/lib/gcc/avr/4.8.1/../../../../avr/lib/avr5/crtm32u4.o
__vector_38                                       /usr/local/CrossPack-AVR-20131216/lib/gcc/avr/4.8.1/../../../../avr/lib/avr5/crtm32u4.o
__vector_39                                       /usr/local/CrossPack-AVR-20131216/lib/gcc/avr/4.8.1/../../../../avr/lib/avr5/crtm32u4.o
__vector_4                                        /usr/local/CrossPack-AVR-20131216/lib/gcc/avr/4.8.1/../../../../avr/lib/avr5/crtm32u4.o
__vector_40                                       /usr/local/CrossPack-AVR-20131216/lib/gcc/avr/4.8.1/../../../../avr/lib/avr5/crtm32u4.o
__vector_41                                       /usr/local/CrossPack-AVR-20131216/lib/gcc/avr/4.8.1/../../../../avr/lib/avr5/crtm32u4.o
__vector_42                                       /usr/local/CrossPack-AVR-20131216/lib/gcc/avr/4.8.1/../../../../avr/lib/avr5/crtm32u4.o
__vector_5                                        /usr/local/CrossPack-AVR-20131216/lib/gcc/avr/4.8.1/../../../../avr/lib/avr5/crtm32u4.o
__vector_6                                        /usr/local/CrossPack-AVR-20131216/lib/gcc/avr/4.8.1/../../../../avr/lib/avr5/crtm32u4.o
__vector_7                                        /usr/local/CrossPack-AVR-20131216/lib/gcc/avr/4.8.1/../../../../avr/lib/avr5/crtm32u4.o
__vector_8                                        /usr/local/CrossPack-AVR-20131216/lib/gcc/avr/4.8.1/../../../../avr/lib/avr5/crtm32u4.o
__vector_9                                        /usr/local/CrossPack-AVR-20131216/lib/gcc/avr/4.8.1/../../../../avr/lib/avr5/crtm32u4.o
__vector_default                                  /usr/local/CrossPack-AVR-20131216/lib/gcc/avr/4.8.1/../../../../avr/lib/avr5/crtm32u4.o
__vectors                                         /usr/local/CrossPack-AVR-20131216/lib/gcc/avr/4.8.1/../../../../avr/lib/avr5/crtm32u4.o
_exit                                             /usr/local/CrossPack-AVR-20131216/lib/gcc/avr/4.8.1/avr5/libgcc.a(_exit.o)
_kb_layout                                        keyboard/ergodox/layout/colemak-tarmak-1.o
                                                  lib/key-functions/public/special.o
                                                  lib/key-functions/public/basic.o
_kb_layout_press                                  keyboard/ergodox/layout/colemak-tarmak-1.o
                                                  main.o
_kb_layout_release                                keyboard/ergodox/layout/colemak-tarmak-1.o
                                                  main.o
_kbfun_is_pressed                                 lib/key-functions/private.o
                                                  lib/key-functions/public/special.o
                                                  lib/key-functions/public/basic.o
_kbfun_mediakey_press_release                     lib/key-functions/private.o
                                                  lib/key-functions/public/special.o
_kbfun_press_release                              lib/key-functions/private.o
                                                  lib/key-functions/public/special.o
                                                  lib/key-functions/public/basic.o
consumer_key                                      lib-other/pjrc/usb_keyboard/usb_keyboard.o
                                                  lib/key-functions/private.o
exit                                              /usr/local/CrossPack-AVR-20131216/lib/gcc/avr/4.8.1/avr5/libgcc.a(_exit.o)
                                                  /usr/local/CrossPack-AVR-20131216/lib/gcc/avr/4.8.1/../../../../avr/lib/avr5/crtm32u4.o
kb_init                                           keyboard/ergodox/controller.o
                                                  main.o
kb_update_matrix                                  keyboard/ergodox/controller.o
                                                  main.o
kbfun_2_keys_capslock_press_release               lib/key-functions/public/special.o
                                                  keyboard/ergodox/layout/colemak-tarmak-1.o
kbfun_jump_to_bootloader                          lib/key-functions/public/device.o
                                                  keyboard/ergodox/layout/colemak-tarmak-1.o
kbfun_layer_pop_1                                 lib/key-functions/public/basic.o
                                                  keyboard/ergodox/layout/colemak-tarmak-1.o
kbfun_layer_pop_10                                lib/key-functions/public/basic.o
                                                  keyboard/ergodox/layout/colemak-tarmak-1.o
kbfun_layer_pop_2                                 lib/key-functions/public/basic.o
                                                  keyboard/ergodox/layout/colemak-tarmak-1.o
kbfun_layer_pop_3                                 lib/key-functions/public/basic.o
                                                  keyboard/ergodox/layout/colemak-tarmak-1.o
kbfun_layer_pop_4                                 lib/key-functions/public/basic.o
                                                  keyboard/ergodox/layout/colemak-tarmak-1.o
kbfun_layer_pop_5                                 lib/key-functions/public/basic.o
                                                  keyboard/ergodox/layout/colemak-tarmak-1.o
kbfun_layer_pop_6                                 lib/key-functions/public/basic.o
                                                  keyboard/ergodox/layout/colemak-tarmak-1.o
kbfun_layer_pop_7                                 lib/key-functions/public/basic.o
                                                  keyboard/ergodox/layout/colemak-tarmak-1.o
kbfun_layer_pop_8                                 lib/key-functions/public/basic.o
                                                  keyboard/ergodox/layout/colemak-tarmak-1.o
kbfun_layer_pop_9                                 lib/key-functions/public/basic.o
                                                  keyboard/ergodox/layout/colemak-tarmak-1.o
kbfun_layer_pop_numpad                            lib/key-functions/public/special.o
                                                  keyboard/ergodox/layout/colemak-tarmak-1.o
kbfun_layer_push_1                                lib/key-functions/public/basic.o
                                                  keyboard/ergodox/layout/colemak-tarmak-1.o
kbfun_layer_push_10                               lib/key-functions/public/basic.o
                                                  keyboard/ergodox/layout/colemak-tarmak-1.o
kbfun_layer_push_2                                lib/key-functions/public/basic.o
                                                  keyboard/ergodox/layout/colemak-tarmak-1.o
kbfun_layer_push_3                                lib/key-functions/public/basic.o
                                                  keyboard/ergodox/layout/colemak-tarmak-1.o
kbfun_layer_push_4                                lib/key-functions/public/basic.o
                                                  keyboard/ergodox/layout/colemak-tarmak-1.o
kbfun_layer_push_5                                lib/key-functions/public/basic.o
                                                  keyboard/ergodox/layout/colemak-tarmak-1.o
kbfun_layer_push_6                                lib/key-functions/public/basic.o
                                                  keyboard/ergodox/layout/colemak-tarmak-1.o
kbfun_layer_push_7                                lib/key-functions/public/basic.o
                                                  keyboard/ergodox/layout/colemak-tarmak-1.o
kbfun_layer_push_8                                lib/key-functions/public/basic.o
                                                  keyboard/ergodox/layout/colemak-tarmak-1.o
kbfun_layer_push_9                                lib/key-functions/public/basic.o
                                                  keyboard/ergodox/layout/colemak-tarmak-1.o
kbfun_layer_push_numpad                           lib/key-functions/public/special.o
                                                  keyboard/ergodox/layout/colemak-tarmak-1.o
kbfun_layer_sticky_1                              lib/key-functions/public/basic.o
kbfun_layer_sticky_10                             lib/key-functions/public/basic.o
kbfun_layer_sticky_2                              lib/key-functions/public/basic.o
kbfun_layer_sticky_3                              lib/key-functions/public/basic.o
kbfun_layer_sticky_4                              lib/key-functions/public/basic.o
kbfun_layer_sticky_5                              lib/key-functions/public/basic.o
kbfun_layer_sticky_6                              lib/key-functions/public/basic.o
kbfun_layer_sticky_7                              lib/key-functions/public/basic.o
kbfun_layer_sticky_8                              lib/key-functions/public/basic.o
kbfun_layer_sticky_9                              lib/key-functions/public/basic.o
kbfun_mediakey_press_release                      lib/key-functions/public/special.o
kbfun_press_release                               lib/key-functions/public/basic.o
                                                  lib/key-functions/public/special.o
                                                  keyboard/ergodox/layout/colemak-tarmak-1.o
kbfun_press_release_preserve_sticky               lib/key-functions/public/basic.o
kbfun_shift_press_release                         lib/key-functions/public/special.o
                                                  keyboard/ergodox/layout/colemak-tarmak-1.o
kbfun_toggle                                      lib/key-functions/public/basic.o
                                                  keyboard/ergodox/layout/colemak-tarmak-1.o
kbfun_transparent                                 lib/key-functions/public/basic.o
                                                  keyboard/ergodox/layout/colemak-tarmak-1.o
keyboard_keys                                     lib-other/pjrc/usb_keyboard/usb_keyboard.o
                                                  lib/key-functions/private.o
keyboard_leds                                     lib-other/pjrc/usb_keyboard/usb_keyboard.o
                                                  main.o
keyboard_modifier_keys                            lib-other/pjrc/usb_keyboard/usb_keyboard.o
                                                  lib/key-functions/private.o
layers                                            main.o
layers_head                                       main.o
layers_ids_in_use                                 main.o
main                                              main.o
                                                  /usr/local/CrossPack-AVR-20131216/lib/gcc/avr/4.8.1/../../../../avr/lib/avr5/crtm32u4.o
main_arg_any_non_trans_key_pressed                lib/key-functions/public/basic.o
                                                  main.o
main_arg_col                                      lib/key-functions/public/special.o
                                                  lib/key-functions/public/basic.o
                                                  main.o
main_arg_is_pressed                               lib/key-functions/public/special.o
                                                  lib/key-functions/public/basic.o
                                                  main.o
main_arg_layer                                    lib/key-functions/public/special.o
                                                  lib/key-functions/public/basic.o
                                                  main.o
main_arg_layer_offset                             lib/key-functions/public/basic.o
                                                  main.o
main_arg_row                                      lib/key-functions/public/special.o
                                                  lib/key-functions/public/basic.o
                                                  main.o
main_arg_trans_key_pressed                        lib/key-functions/public/basic.o
                                                  main.o
main_arg_was_pressed                              main.o
main_exec_key                                     main.o
                                                  lib/key-functions/public/basic.o
main_kb_is_pressed                                main.o
main_kb_was_pressed                               main.o
main_layers_get_offset_id                         main.o
main_layers_peek                                  main.o
                                                  lib/key-functions/public/basic.o
main_layers_peek_sticky                           main.o
                                                  lib/key-functions/public/basic.o
main_layers_pop_id                                main.o
                                                  lib/key-functions/public/special.o
                                                  lib/key-functions/public/basic.o
main_layers_pressed                               lib/key-functions/public/basic.o
                                                  main.o
main_layers_push                                  main.o
                                                  lib/key-functions/public/special.o
                                                  lib/key-functions/public/basic.o
main_loop_col                                     main.o
main_loop_row                                     main.o
mcp23018_init                                     keyboard/ergodox/controller/mcp23018.o
                                                  keyboard/ergodox/controller.o
mcp23018_update_matrix                            keyboard/ergodox/controller/mcp23018.o
                                                  keyboard/ergodox/controller.o
teensy_init                                       keyboard/ergodox/controller/teensy-2-0.o
                                                  keyboard/ergodox/controller.o
teensy_update_matrix                              keyboard/ergodox/controller/teensy-2-0.o
                                                  keyboard/ergodox/controller.o
twi_init                                          lib/twi/teensy-2-0.o
                                                  keyboard/ergodox/controller/teensy-2-0.o
twi_read                                          lib/twi/teensy-2-0.o
                                                  keyboard/ergodox/controller/mcp23018.o
twi_send                                          lib/twi/teensy-2-0.o
                                                  keyboard/ergodox/controller/mcp23018.o
twi_start                                         lib/twi/teensy-2-0.o
                                                  keyboard/ergodox/controller/mcp23018.o
twi_stop                                          lib/twi/teensy-2-0.o
                                                  keyboard/ergodox/controller/mcp23018.o
usb_configured                                    lib-other/pjrc/usb_keyboard/usb_keyboard.o
                                                  main.o
usb_extra_consumer_send                           lib-other/pjrc/usb_keyboard/usb_keyboard.o
                                                  main.o
usb_extra_send                                    lib-other/pjrc/usb_keyboard/usb_keyboard.o
usb_init                                          lib-other/pjrc/usb_keyboard/usb_keyboard.o
                                                  main.o
usb_keyboard_press                                lib-other/pjrc/usb_keyboard/usb_keyboard.o
usb_keyboard_send                                 lib-other/pjrc/usb_keyboard/usb_keyboard.o
                                                  lib/key-functions/public/special.o
                                                  main.o
